System Information
------------------

Raspberry Pi 4 Model B Rev 1.2
PRETTY_NAME="Debian GNU/Linux 11 (bullseye)"
NAME="Debian GNU/Linux"
VERSION_ID="11"
VERSION="11 (bullseye)"

Raspberry Pi reference 2022-09-22
Generated using pi-gen, https://github.com/RPi-Distro/pi-gen, 005a8c73b05a2cab394073150208bf4f069e861a, stage2

Linux raspberrypi 6.1.21-v8+ #1642 SMP PREEMPT Mon Apr  3 17:24:16 BST 2023 aarch64 GNU/Linux
Revision	: c03112
Serial		: 10000000082bf6d9
Model		: Raspberry Pi 4 Model B Rev 1.2
Throttled flag  : throttled=0x0
Camera          : supported=0 detected=0, libcamera interfaces=0

Videocore information
---------------------

Mar 17 2023 10:50:39 
Copyright (c) 2012 Broadcom
version 82f3750a65fadae9a38077e3c2e217ad158c8d54 (clean) (release) (start)

alloc failures:     0
compactions:        0
legacy block fails: 0

Filesystem information
----------------------
Filesystem     1K-blocks     Used Available Use% Mounted on
/dev/root      122615652 12595104 105003564  11% /
devtmpfs         1817916        0   1817916   0% /dev
tmpfs            1852764        0   1852764   0% /dev/shm
tmpfs             741108     1092    740016   1% /run
tmpfs               5120        4      5116   1% /run/lock
/dev/mmcblk0p1    261108    31380    229728  13% /boot
tmpfs             370552        0    370552   0% /run/user/1000

Filename				Type		Size		Used		Priority
/var/swap                               file		102396		0		-2

Package version information
---------------------------
raspberrypi-ui-mods:
  Installed: (none)
raspberrypi-sys-mods:
  Installed: 20230510~bullseye
openbox:
  Installed: (none)
lxpanel:
  Installed: (none)
pcmanfm:
  Installed: (none)
rpd-plym-splash:
  Installed: (none)

Networking Information
----------------------

docker0: flags=4163<UP,BROADCAST,RUNNING,MULTICAST>  mtu 1500
        inet x.x.x.x  netmask x.x.x.x  broadcast x.x.x.x
        inet6 y::y.y.y.y  prefixlen 64  scopeid 0x20<link>
        ether m.m.m.m  txqueuelen 0  (Ethernet)
        RX packets 70  bytes 8740 (8.5 KiB)
        RX errors 0  dropped 0  overruns 0  frame 0
        TX packets 106  bytes 15151 (14.7 KiB)
        TX errors 0  dropped 0 overruns 0  carrier 0  collisions 0

eth0: flags=4099<UP,BROADCAST,MULTICAST>  mtu 1500
        ether m.m.m.m  txqueuelen 1000  (Ethernet)
        RX packets 0  bytes 0 (0.0 B)
        RX errors 0  dropped 0  overruns 0  frame 0
        TX packets 0  bytes 0 (0.0 B)
        TX errors 0  dropped 0 overruns 0  carrier 0  collisions 0

lo: flags=73<UP,LOOPBACK,RUNNING>  mtu 65536
        inet x.x.x.x  netmask x.x.x.x
        inet6 ::1  prefixlen 128  scopeid 0x10<host>
        loop  txqueuelen 1000  (Local Loopback)
        RX packets 6760  bytes 2626467 (2.5 MiB)
        RX errors 0  dropped 0  overruns 0  frame 0
        TX packets 6760  bytes 2626467 (2.5 MiB)
        TX errors 0  dropped 0 overruns 0  carrier 0  collisions 0

veth560dbc6: flags=4163<UP,BROADCAST,RUNNING,MULTICAST>  mtu 1500
        inet x.x.x.x  netmask x.x.x.x  broadcast x.x.x.x
        inet6 y::y.y.y.y  prefixlen 64  scopeid 0x20<link>
        ether m.m.m.m  txqueuelen 0  (Ethernet)
        RX packets 26  bytes 2744 (2.6 KiB)
        RX errors 0  dropped 0  overruns 0  frame 0
        TX packets 73  bytes 9736 (9.5 KiB)
        TX errors 0  dropped 1 overruns 0  carrier 0  collisions 0

wlan0: flags=4163<UP,BROADCAST,RUNNING,MULTICAST>  mtu 1500
        inet x.x.x.x  netmask x.x.x.x  broadcast x.x.x.x
        inet6 y.y.y.y.y.y.y.y  prefixlen 64  scopeid 0x0<global>
        inet6 y::y.y.y.y  prefixlen 64  scopeid 0x20<link>
        ether m.m.m.m  txqueuelen 1000  (Ethernet)
        RX packets 143898  bytes 196559594 (187.4 MiB)
        RX errors 0  dropped 1  overruns 0  frame 0
        TX packets 39845  bytes 5328255 (5.0 MiB)
        TX errors 0  dropped 0 overruns 0  carrier 0  collisions 0


USB Information
---------------

/:  Bus 02.Port 1: Dev 1, Class=root_hub, Driver=xhci_hcd/4p, 5000M
/:  Bus 01.Port 1: Dev 1, Class=root_hub, Driver=xhci_hcd/1p, 480M
    |__ Port 1: Dev 2, If 0, Class=Hub, Driver=hub/4p, 480M

Display Information
-------------------

Running Legacy framebuffer

Framebuffer: /dev/fb0

mode "8x8"
    geometry 8 8 8 8 16
    timings 0 0 0 0 0 0 0
    rgba 5/11,6/5,5/0,0/0
endmode


config.txt
----------

arm_64bit=1
arm_boost=1
arm_freq=1500
audio_pwm_mode=514
config_hdmi_boost=5
core_freq=500
core_freq_min=200
disable_commandline_tags=2
disable_l2cache=1
disable_overscan=1
display_auto_detect=1
display_hdmi_rotate=-1
display_lcd_rotate=-1
dvfs=3
enable_gic=1
force_eeprom_read=1
force_pwm_open=1
framebuffer_ignore_alpha=1
framebuffer_swap=1
gpu_freq=500
gpu_freq_min=250
init_uart_clock=0x2dc6c00
lcd_framerate=60
max_framebuffers=2
over_voltage_avs=-30000
pause_burst_frames=1
program_serial_random=1
total_mem=4096
hdmi_force_cec_address:0=65535
hdmi_force_cec_address:1=65535
hdmi_pixel_freq_limit:0=0x11e1a300
hdmi_pixel_freq_limit:1=0x11e1a300
device_tree=-
overlay_prefix=overlays/
hdmi_cvt:0=
hdmi_cvt:1=
hdmi_edid_filename:0=
hdmi_edid_filename:1=
hdmi_timings:0=
hdmi_timings:1=

cmdline.txt
-----------
coherent_pool=1M 8250.nr_uarts=0 snd_bcm2835.enable_headphones=0 snd_bcm2835.enable_headphones=1 snd_bcm2835.enable_hdmi=1 bcm2708_fb.fbwidth=0 bcm2708_fb.fbheight=0 bcm2708_fb.fbswap=1 smsc95xx.macaddr=DC:A6:32:A3:16:2C vc_mem.mem_base=0x3ec00000 vc_mem.mem_size=0x40000000  console=ttyS0,115200 console=tty1 root=PARTUUID=1b7a0745-02 rootfstype=ext4 fsck.repair=yes rootwait

raspi-gpio settings
-------------------

BANK0 (GPIO 0 to 27):
GPIO 0: level=1 fsel=0 func=INPUT pull=UP
GPIO 1: level=1 fsel=0 func=INPUT pull=UP
GPIO 2: level=1 fsel=4 alt=0 func=SDA1 pull=UP
GPIO 3: level=1 fsel=4 alt=0 func=SCL1 pull=UP
GPIO 4: level=1 fsel=0 func=INPUT pull=UP
GPIO 5: level=1 fsel=0 func=INPUT pull=UP
GPIO 6: level=1 fsel=0 func=INPUT pull=UP
GPIO 7: level=1 fsel=0 func=INPUT pull=UP
GPIO 8: level=1 fsel=0 func=INPUT pull=UP
GPIO 9: level=0 fsel=0 func=INPUT pull=DOWN
GPIO 10: level=0 fsel=0 func=INPUT pull=DOWN
GPIO 11: level=0 fsel=0 func=INPUT pull=DOWN
GPIO 12: level=0 fsel=0 func=INPUT pull=DOWN
GPIO 13: level=0 fsel=0 func=INPUT pull=DOWN
GPIO 14: level=1 fsel=0 func=INPUT pull=NONE
GPIO 15: level=1 fsel=0 func=INPUT pull=UP
GPIO 16: level=0 fsel=0 func=INPUT pull=DOWN
GPIO 17: level=0 fsel=0 func=INPUT pull=DOWN
GPIO 18: level=0 fsel=0 func=INPUT pull=DOWN
GPIO 19: level=0 fsel=0 func=INPUT pull=DOWN
GPIO 20: level=0 fsel=0 func=INPUT pull=DOWN
GPIO 21: level=0 fsel=0 func=INPUT pull=DOWN
GPIO 22: level=0 fsel=0 func=INPUT pull=DOWN
GPIO 23: level=0 fsel=0 func=INPUT pull=DOWN
GPIO 24: level=0 fsel=0 func=INPUT pull=DOWN
GPIO 25: level=1 fsel=0 func=INPUT pull=DOWN
GPIO 26: level=0 fsel=0 func=INPUT pull=DOWN
GPIO 27: level=0 fsel=0 func=INPUT pull=DOWN
BANK1 (GPIO 28 to 45):
GPIO 28: level=1 fsel=2 alt=5 func=RGMII_MDIO pull=UP
GPIO 29: level=0 fsel=2 alt=5 func=RGMII_MDC pull=DOWN
GPIO 30: level=0 fsel=7 alt=3 func=CTS0 pull=UP
GPIO 31: level=0 fsel=7 alt=3 func=RTS0 pull=NONE
GPIO 32: level=1 fsel=7 alt=3 func=TXD0 pull=NONE
GPIO 33: level=1 fsel=7 alt=3 func=RXD0 pull=UP
GPIO 34: level=1 fsel=7 alt=3 func=SD1_CLK pull=NONE
GPIO 35: level=1 fsel=7 alt=3 func=SD1_CMD pull=UP
GPIO 36: level=1 fsel=7 alt=3 func=SD1_DAT0 pull=UP
GPIO 37: level=1 fsel=7 alt=3 func=SD1_DAT1 pull=UP
GPIO 38: level=1 fsel=7 alt=3 func=SD1_DAT2 pull=UP
GPIO 39: level=1 fsel=7 alt=3 func=SD1_DAT3 pull=UP
GPIO 40: level=0 fsel=4 alt=0 func=PWM1_0 pull=NONE
GPIO 41: level=0 fsel=4 alt=0 func=PWM1_1 pull=NONE
GPIO 42: level=0 fsel=1 func=OUTPUT pull=UP
GPIO 43: level=1 fsel=0 func=INPUT pull=UP
GPIO 44: level=1 fsel=0 func=INPUT pull=UP
GPIO 45: level=1 fsel=0 func=INPUT pull=UP
BANK2 (GPIO 46 to 53):
GPIO 46: level=0 fsel=0 func=INPUT pull=UP
GPIO 47: level=0 fsel=0 func=INPUT pull=UP
GPIO 48: level=0 fsel=0 func=INPUT pull=DOWN
GPIO 49: level=0 fsel=0 func=INPUT pull=DOWN
GPIO 50: level=0 fsel=0 func=INPUT pull=DOWN
GPIO 51: level=0 fsel=0 func=INPUT pull=DOWN
GPIO 52: level=0 fsel=0 func=INPUT pull=DOWN
GPIO 53: level=0 fsel=0 func=INPUT pull=DOWN

vcdbg log messages
------------------

005620.689: arasan: arasan_emmc_open
005620.861: arasan: arasan_emmc_set_clock C0: 0x00800000 C1: 0x000e0047 emmc: 200000000 actual: 390625 div: 0x00000100 target: 400000 min: 400000 max: 400000 delay: 5
005725.631: arasan: arasan_emmc_set_clock C0: 0x00800000 C1: 0x000e0047 emmc: 200000000 actual: 390625 div: 0x00000100 target: 400000 min: 400000 max: 400000 delay: 5
005725.719: arasan: arasan_emmc_set_clock C0: 0x00800f00 C1: 0x000e0047 emmc: 200000000 actual: 390625 div: 0x00000100 target: 400000 min: 390000 max: 400000 delay: 5
005757.106: arasan: arasan_emmc_set_clock C0: 0x00800f06 C1: 0x000e0207 emmc: 200000000 actual: 50000000 div: 0x00000002 target: 50000000 min: 0 max: 50000000 delay: 1
005836.207: brfs: File read: /mfs/sd/config.txt
005837.240: brfs: File read: 2136 bytes
005858.780: HDMI0:EDID error reading EDID block 0 attempt 0
005859.796: HDMI0:EDID giving up on reading EDID block 0
005871.599: HDMI1:EDID error reading EDID block 0 attempt 0
005872.614: HDMI1:EDID giving up on reading EDID block 0
005875.873: brfs: File read: /mfs/sd/config.txt
006358.654: gpioman: gpioman_get_pin_num: pin DISPLAY_DSI_PORT not defined
006361.173: *** Restart logging
006361.192: brfs: File read: 2136 bytes
006366.630: hdmi: HDMI0:EDID error reading EDID block 0 attempt 0
006367.645: hdmi: HDMI0:EDID giving up on reading EDID block 0
006372.689: hdmi: HDMI0:EDID error reading EDID block 0 attempt 0
006373.706: hdmi: HDMI0:EDID giving up on reading EDID block 0
006373.723: hdmi: HDMI:hdmi_get_state is deprecated, use hdmi_get_display_state instead
006378.762: hdmi: HDMI1:EDID error reading EDID block 0 attempt 0
006379.779: hdmi: HDMI1:EDID giving up on reading EDID block 0
006384.819: hdmi: HDMI1:EDID error reading EDID block 0 attempt 0
006385.834: hdmi: HDMI1:EDID giving up on reading EDID block 0
006385.852: hdmi: HDMI:hdmi_get_state is deprecated, use hdmi_get_display_state instead
006385.868: HDMI0: hdmi_pixel_encoding: 300000000
006385.880: HDMI1: hdmi_pixel_encoding: 300000000
006386.217: kernel=
006395.359: dtb_file 'bcm2711-rpi-4-b.dtb'
006402.899: brfs: File read: /mfs/sd/bcm2711-rpi-4-b.dtb
006402.916: Loaded 'bcm2711-rpi-4-b.dtb' to 0x100 size 0xcd71
006416.217: brfs: File read: 52593 bytes
006430.559: brfs: File read: /mfs/sd/overlays/overlay_map.dtb
006506.114: brfs: File read: 2347 bytes
006509.753: brfs: File read: /mfs/sd/config.txt
006510.170: dtparam: spi=off
006518.495: dtparam: audio=on
006523.055: brfs: File read: 2136 bytes
006542.124: Failed to load overlay 'av5647'
006555.915: brfs: File read: /mfs/sd/overlays/rpi-sense.dtbo
006562.233: Loaded overlay 'rpi-sense'
006586.755: brfs: File read: 893 bytes
006589.952: brfs: File read: /mfs/sd/cmdline.txt
006589.989: Read command line from file 'cmdline.txt':
006589.999: 'console=serial0,115200 console=tty1 root=PARTUUID=1b7a0745-02 rootfstype=ext4 fsck.repair=yes rootwait'
006700.895: brfs: File read: 102 bytes
007423.453: brfs: File read: /mfs/sd/kernel8.img
007423.472: Loaded 'kernel8.img' to 0x80000 size 0x7d6bd0
008596.693: Kernel relocated to 0x200000
008596.708: Device tree loaded to 0x2eff2a00 (size 0xd5a3)
008726.644: gpioman: gpioman_get_pin_num: pin SDCARD_CONTROL_POWER not defined
010727.343: vchiq_core: vchiq_init_state: slot_zero = 0xeb000000, is_master = 1

dmesg log
---------

[    0.000000] Booting Linux on physical CPU 0x0000000000 [0x410fd083]
[    0.000000] Linux version 6.1.21-v8+ (dom@buildbot) (aarch64-linux-gnu-gcc-8 (Ubuntu/Linaro 8.4.0-3ubuntu1) 8.4.0, GNU ld (GNU Binutils for Ubuntu) 2.34) #1642 SMP PREEMPT Mon Apr  3 17:24:16 BST 2023
[    0.000000] random: crng init done
[    0.000000] Machine model: Raspberry Pi 4 Model B Rev 1.2
[    0.000000] efi: UEFI not found.
[    0.000000] Reserved memory: created CMA memory pool at 0x000000002ac00000, size 64 MiB
[    0.000000] OF: reserved mem: initialized node linux,cma, compatible id shared-dma-pool
[    0.000000] Zone ranges:
[    0.000000]   DMA      [mem 0x0000000000000000-0x000000003fffffff]
[    0.000000]   DMA32    [mem 0x0000000040000000-0x00000000fbffffff]
[    0.000000]   Normal   empty
[    0.000000] Movable zone start for each node
[    0.000000] Early memory node ranges
[    0.000000]   node   0: [mem 0x0000000000000000-0x000000002fffffff]
[    0.000000]   node   0: [mem 0x0000000040000000-0x00000000fbffffff]
[    0.000000] Initmem setup node 0 [mem 0x0000000000000000-0x00000000fbffffff]
[    0.000000] On node 0, zone DMA32: 16384 pages in unavailable ranges
[    0.000000] percpu: Embedded 29 pages/cpu s78504 r8192 d32088 u118784
[    0.000000] pcpu-alloc: s78504 r8192 d32088 u118784 alloc=29*4096
[    0.000000] pcpu-alloc: [0] 0 [0] 1 [0] 2 [0] 3 
[    0.000000] Detected PIPT I-cache on CPU0
[    0.000000] CPU features: detected: Spectre-v2
[    0.000000] CPU features: detected: Spectre-v3a
[    0.000000] CPU features: detected: Spectre-v4
[    0.000000] CPU features: detected: Spectre-BHB
[    0.000000] CPU features: kernel page table isolation forced ON by KASLR
[    0.000000] CPU features: detected: Kernel page table isolation (KPTI)
[    0.000000] CPU features: detected: ARM erratum 1742098
[    0.000000] CPU features: detected: ARM errata 1165522, 1319367, or 1530923
[    0.000000] alternatives: applying boot alternatives
[    0.000000] Built 1 zonelists, mobility grouping on.  Total pages: 951552
[    0.000000] Kernel command line: coherent_pool=1M 8250.nr_uarts=0 snd_bcm2835.enable_headphones=0 snd_bcm2835.enable_headphones=1 snd_bcm2835.enable_hdmi=1 bcm2708_fb.fbwidth=0 bcm2708_fb.fbheight=0 bcm2708_fb.fbswap=1 smsc95xx.macaddr=m.m.m.m vc_mem.mem_base=0x3ec00000 vc_mem.mem_size=0x40000000  console=ttyS0,115200 console=tty1 root=PARTUUID=1b7a0745-02 rootfstype=ext4 fsck.repair=yes rootwait
[    0.000000] Dentry cache hash table entries: 524288 (order: 10, 4194304 bytes, linear)
[    0.000000] Inode-cache hash table entries: 262144 (order: 9, 2097152 bytes, linear)
[    0.000000] mem auto-init: stack:off, heap alloc:off, heap free:off
[    0.000000] software IO TLB: area num 4.
[    0.000000] software IO TLB: mapped [mem 0x0000000026c00000-0x000000002ac00000] (64MB)
[    0.000000] Memory: 3635836K/3866624K available (11776K kernel code, 2106K rwdata, 3688K rodata, 4160K init, 1077K bss, 165252K reserved, 65536K cma-reserved)
[    0.000000] SLUB: HWalign=64, Order=0-3, MinObjects=0, CPUs=4, Nodes=1
[    0.000000] ftrace: allocating 39744 entries in 156 pages
[    0.000000] ftrace: allocated 156 pages with 4 groups
[    0.000000] trace event string verifier disabled
[    0.000000] rcu: Preemptible hierarchical RCU implementation.
[    0.000000] rcu: 	RCU event tracing is enabled.
[    0.000000] rcu: 	RCU restricting CPUs from NR_CPUS=256 to nr_cpu_ids=4.
[    0.000000] 	Trampoline variant of Tasks RCU enabled.
[    0.000000] 	Rude variant of Tasks RCU enabled.
[    0.000000] 	Tracing variant of Tasks RCU enabled.
[    0.000000] rcu: RCU calculated value of scheduler-enlistment delay is 25 jiffies.
[    0.000000] rcu: Adjusting geometry for rcu_fanout_leaf=16, nr_cpu_ids=4
[    0.000000] NR_IRQS: 64, nr_irqs: 64, preallocated irqs: 0
[    0.000000] Root IRQ handler: gic_handle_irq
[    0.000000] GIC: Using split EOI/Deactivate mode
[    0.000000] rcu: srcu_init: Setting srcu_struct sizes based on contention.
[    0.000000] arch_timer: cp15 timer(s) running at 54.00MHz (phys).
[    0.000000] clocksource: arch_sys_counter: mask: 0xffffffffffffff max_cycles: 0xc743ce346, max_idle_ns: 440795203123 ns
[    0.000001] sched_clock: 56 bits at 54MHz, resolution 18ns, wraps every 4398046511102ns
[    0.000318] Console: colour dummy device 80x25
[    0.000906] printk: console [tty1] enabled
[    0.000974] Calibrating delay loop (skipped), value calculated using timer frequency.. 108.00 BogoMIPS (lpj=216000)
[    0.001014] pid_max: default: 32768 minimum: 301
[    0.001155] LSM: Security Framework initializing
[    0.001379] Mount-cache hash table entries: 8192 (order: 4, 65536 bytes, linear)
[    0.001464] Mountpoint-cache hash table entries: 8192 (order: 4, 65536 bytes, linear)
[    0.002751] cgroup: Disabling memory control group subsystem
[    0.004999] cblist_init_generic: Setting adjustable number of callback queues.
[    0.005034] cblist_init_generic: Setting shift to 2 and lim to 1.
[    0.005224] cblist_init_generic: Setting shift to 2 and lim to 1.
[    0.005416] cblist_init_generic: Setting shift to 2 and lim to 1.
[    0.005873] rcu: Hierarchical SRCU implementation.
[    0.005898] rcu: 	Max phase no-delay instances is 1000.
[    0.007226] EFI services will not be available.
[    0.007763] smp: Bringing up secondary CPUs ...
[    0.008916] Detected PIPT I-cache on CPU1
[    0.009073] CPU1: Booted secondary processor 0x0000000001 [0x410fd083]
[    0.010219] Detected PIPT I-cache on CPU2
[    0.010337] CPU2: Booted secondary processor 0x0000000002 [0x410fd083]
[    0.011448] Detected PIPT I-cache on CPU3
[    0.011572] CPU3: Booted secondary processor 0x0000000003 [0x410fd083]
[    0.011718] smp: Brought up 1 node, 4 CPUs
[    0.011806] SMP: Total of 4 processors activated.
[    0.011828] CPU features: detected: 32-bit EL0 Support
[    0.011847] CPU features: detected: 32-bit EL1 Support
[    0.011868] CPU features: detected: CRC32 instructions
[    0.012055] CPU: All CPU(s) started at EL2
[    0.012091] alternatives: applying system-wide alternatives
[    0.013917] devtmpfs: initialized
[    0.025904] Enabled cp15_barrier support
[    0.025968] Enabled setend support
[    0.026182] clocksource: jiffies: mask: 0xffffffff max_cycles: 0xffffffff, max_idle_ns: 7645041785100000 ns
[    0.026233] futex hash table entries: 1024 (order: 4, 65536 bytes, linear)
[    0.027905] pinctrl core: initialized pinctrl subsystem
[    0.028858] DMI not present or invalid.
[    0.029550] NET: Registered PF_NETLINK/PF_ROUTE protocol family
[    0.033051] DMA: preallocated 1024 KiB GFP_KERNEL pool for atomic allocations
[    0.033367] DMA: preallocated 1024 KiB GFP_KERNEL|GFP_DMA pool for atomic allocations
[    0.034322] DMA: preallocated 1024 KiB GFP_KERNEL|GFP_DMA32 pool for atomic allocations
[    0.034429] audit: initializing netlink subsys (disabled)
[    0.034704] audit: type=2000 audit(0.032:1): state=initialized audit_enabled=0 res=1
[    0.035301] thermal_sys: Registered thermal governor 'step_wise'
[    0.035402] cpuidle: using governor menu
[    0.035797] hw-breakpoint: found 6 breakpoint and 4 watchpoint registers.
[    0.036007] ASID allocator initialised with 32768 entries
[    0.036206] Serial: AMBA PL011 UART driver
[    0.047268] bcm2835-mbox fe00b880.mailbox: mailbox enabled
[    0.060183] raspberrypi-firmware soc:firmware: Attached to firmware from 2023-03-17T10:50:39, variant start
[    0.064197] raspberrypi-firmware soc:firmware: Firmware hash is 82f3750a65fadae9a38077e3c2e217ad158c8d54
[    0.078938] KASLR enabled
[    0.115737] bcm2835-dma fe007000.dma: DMA legacy API manager, dmachans=0x1
[    0.121277] SCSI subsystem initialized
[    0.121556] usbcore: registered new interface driver usbfs
[    0.121630] usbcore: registered new interface driver hub
[    0.121709] usbcore: registered new device driver usb
[    0.122048] usb_phy_generic phy: supply vcc not found, using dummy regulator
[    0.122275] usb_phy_generic phy: dummy supplies not allowed for exclusive requests
[    0.122626] pps_core: LinuxPPS API ver. 1 registered
[    0.122650] pps_core: Software ver. 5.3.6 - Copyright 2005-2007 Rodolfo Giometti <giometti@linux.it>
[    0.122690] PTP clock support registered
[    0.123793] vgaarb: loaded
[    0.124533] clocksource: Switched to clocksource arch_sys_counter
[    0.125078] VFS: Disk quotas dquot_6.6.0
[    0.125170] VFS: Dquot-cache hash table entries: 512 (order 0, 4096 bytes)
[    0.125470] FS-Cache: Loaded
[    0.125762] CacheFiles: Loaded
[    0.134916] NET: Registered PF_INET protocol family
[    0.135483] IP idents hash table entries: 65536 (order: 7, 524288 bytes, linear)
[    0.140194] tcp_listen_portaddr_hash hash table entries: 2048 (order: 3, 32768 bytes, linear)
[    0.140280] Table-perturb hash table entries: 65536 (order: 6, 262144 bytes, linear)
[    0.140417] TCP established hash table entries: 32768 (order: 6, 262144 bytes, linear)
[    0.140662] TCP bind hash table entries: 32768 (order: 8, 1048576 bytes, linear)
[    0.141677] TCP: Hash tables configured (established 32768 bind 32768)
[    0.141936] UDP hash table entries: 2048 (order: 4, 65536 bytes, linear)
[    0.142040] UDP-Lite hash table entries: 2048 (order: 4, 65536 bytes, linear)
[    0.142364] NET: Registered PF_UNIX/PF_LOCAL protocol family
[    0.143217] RPC: Registered named UNIX socket transport module.
[    0.143251] RPC: Registered udp transport module.
[    0.143270] RPC: Registered tcp transport module.
[    0.143289] RPC: Registered tcp NFSv4.1 backchannel transport module.
[    0.143323] PCI: CLS 0 bytes, default 64
[    0.145774] hw perfevents: enabled with armv8_cortex_a72 PMU driver, 7 counters available
[    0.146179] kvm [1]: IPA Size Limit: 44 bits
[    0.147525] kvm [1]: vgic interrupt IRQ9
[    0.147774] kvm [1]: Hyp mode initialized successfully
[    1.286566] Initialise system trusted keyrings
[    1.287061] workingset: timestamp_bits=46 max_order=20 bucket_order=0
[    1.294776] zbud: loaded
[    1.297676] NFS: Registering the id_resolver key type
[    1.297737] Key type id_resolver registered
[    1.297758] Key type id_legacy registered
[    1.297890] nfs4filelayout_init: NFSv4 File Layout Driver Registering...
[    1.297919] nfs4flexfilelayout_init: NFSv4 Flexfile Layout Driver Registering...
[    1.299322] Key type asymmetric registered
[    1.299354] Asymmetric key parser 'x509' registered
[    1.299448] Block layer SCSI generic (bsg) driver version 0.4 loaded (major 247)
[    1.299744] io scheduler mq-deadline registered
[    1.299772] io scheduler kyber registered
[    1.308379] brcm-pcie fd500000.pcie: host bridge /scb/pcie@7d500000 ranges:
[    1.308449] brcm-pcie fd500000.pcie:   No bus range found for /scb/pcie@7d500000, using [bus 00-ff]
[    1.308592] brcm-pcie fd500000.pcie:      MEM 0x0600000000..0x063fffffff -> 0x00c0000000
[    1.308695] brcm-pcie fd500000.pcie:   IB MEM 0x0000000000..0x00bfffffff -> 0x0400000000
[    1.309730] brcm-pcie fd500000.pcie: PCI host bridge to bus 0000:00
[    1.309764] pci_bus 0000:00: root bus resource [bus 00-ff]
[    1.309792] pci_bus 0000:00: root bus resource [mem 0x600000000-0x63fffffff] (bus address [0xc0000000-0xffffffff])
[    1.309888] pci 0000:00:00.0: [14e4:2711] type 01 class 0x060400
[    1.310157] pci 0000:00:00.0: PME# supported from D0 D3hot
[    1.314131] pci 0000:00:00.0: bridge configuration invalid ([bus 00-00]), reconfiguring
[    1.314414] pci_bus 0000:01: supply vpcie3v3 not found, using dummy regulator
[    1.314606] pci_bus 0000:01: supply vpcie3v3aux not found, using dummy regulator
[    1.314721] pci_bus 0000:01: supply vpcie12v not found, using dummy regulator
[    1.362634] brcm-pcie fd500000.pcie: link up, 5.0 GT/s PCIe x1 (SSC)
[    1.362814] pci 0000:01:00.0: [1106:3483] type 00 class 0x0c0330
[    1.362952] pci 0000:01:00.0: reg 0x10: [mem 0x00000000-0x00000fff 64bit]
[    1.363415] pci 0000:01:00.0: PME# supported from D0 D3cold
[    1.364178] pci_bus 0000:01: busn_res: [bus 01-ff] end is updated to 01
[    1.364236] pci 0000:00:00.0: BAR 8: assigned [mem 0x600000000-0x6000fffff]
[    1.364272] pci 0000:01:00.0: BAR 0: assigned [mem 0x600000000-0x600000fff 64bit]
[    1.364329] pci 0000:00:00.0: PCI bridge to [bus 01]
[    1.364360] pci 0000:00:00.0:   bridge window [mem 0x600000000-0x6000fffff]
[    1.365444] bcm2708_fb soc:fb: Unable to determine number of FBs. Disabling driver.
[    1.365479] bcm2708_fb: probe of soc:fb failed with error -2
[    1.376896] iproc-rng200 fe104000.rng: hwrng registered
[    1.377391] vc-mem: phys_addr:0x00000000 mem_base=0x3ec00000 mem_size:0x40000000(1024 MiB)
[    1.378801] gpiomem-bcm2835 fe200000.gpiomem: Initialised: Registers at 0xfe200000
[    1.391827] brd: module loaded
[    1.400566] loop: module loaded
[    1.401334] Loading iSCSI transport class v2.0-870.
[    1.406552] bcmgenet fd580000.ethernet: GENET 5.0 EPHY: 0x0000
[    1.464692] unimac-mdio unimac-mdio.-19: Broadcom UniMAC MDIO bus
[    1.465869] usbcore: registered new interface driver r8152
[    1.465959] usbcore: registered new interface driver lan78xx
[    1.466040] usbcore: registered new interface driver smsc95xx
[    1.467663] pci 0000:00:00.0: enabling device (0000 -> 0002)
[    1.467716] xhci_hcd 0000:01:00.0: enabling device (0000 -> 0002)
[    1.467827] xhci_hcd 0000:01:00.0: xHCI Host Controller
[    1.467869] xhci_hcd 0000:01:00.0: new USB bus registered, assigned bus number 1
[    1.468660] xhci_hcd 0000:01:00.0: hcc params 0x002841eb hci version 0x100 quirks 0x0000e40000000890
[    1.469359] xhci_hcd 0000:01:00.0: xHCI Host Controller
[    1.469393] xhci_hcd 0000:01:00.0: new USB bus registered, assigned bus number 2
[    1.469428] xhci_hcd 0000:01:00.0: Host supports USB 3.0 SuperSpeed
[    1.469786] usb usb1: New USB device found, idVendor=1d6b, idProduct=0002, bcdDevice= 6.01
[    1.469822] usb usb1: New USB device strings: Mfr=3, Product=2, SerialNumber=1
[    1.469850] usb usb1: Product: xHCI Host Controller
[    1.469872] usb usb1: Manufacturer: Linux 6.1.21-v8+ xhci-hcd
[    1.469894] usb usb1: SerialNumber: 0000:01:00.0
[    1.470663] hub 1-0:1.0: USB hub found
[    1.470771] hub 1-0:1.0: 1 port detected
[    1.471761] usb usb2: New USB device found, idVendor=1d6b, idProduct=0003, bcdDevice= 6.01
[    1.471798] usb usb2: New USB device strings: Mfr=3, Product=2, SerialNumber=1
[    1.471825] usb usb2: Product: xHCI Host Controller
[    1.471847] usb usb2: Manufacturer: Linux 6.1.21-v8+ xhci-hcd
[    1.471869] usb usb2: SerialNumber: 0000:01:00.0
[    1.472595] hub 2-0:1.0: USB hub found
[    1.472707] hub 2-0:1.0: 4 ports detected
[    1.474323] dwc_otg: version 3.00a 10-AUG-2012 (platform bus)
[    1.474602] dwc_otg: FIQ enabled
[    1.474613] dwc_otg: NAK holdoff enabled
[    1.474623] dwc_otg: FIQ split-transaction FSM enabled
[    1.474642] Module dwc_common_port init
[    1.475214] usbcore: registered new interface driver uas
[    1.475335] usbcore: registered new interface driver usb-storage
[    1.475591] mousedev: PS/2 mouse device common for all mice
[    1.481203] sdhci: Secure Digital Host Controller Interface driver
[    1.481241] sdhci: Copyright(c) Pierre Ossman
[    1.481795] sdhci-pltfm: SDHCI platform and OF driver helper
[    1.485267] ledtrig-cpu: registered to indicate activity on CPUs
[    1.485631] hid: raw HID events driver (C) Jiri Kosina
[    1.485854] usbcore: registered new interface driver usbhid
[    1.485879] usbhid: USB HID core driver
[    1.494556] NET: Registered PF_PACKET protocol family
[    1.494700] Key type dns_resolver registered
[    1.496232] registered taskstats version 1
[    1.496326] Loading compiled-in X.509 certificates
[    1.497244] Key type .fscrypt registered
[    1.497271] Key type fscrypt-provisioning registered
[    1.512762] uart-pl011 fe201000.serial: there is not valid maps for state default
[    1.513525] uart-pl011 fe201000.serial: cts_event_workaround enabled
[    1.513695] fe201000.serial: ttyAMA0 at MMIO 0xfe201000 (irq = 35, base_baud = 0) is a PL011 rev2
[    1.522884] bcm2835-wdt bcm2835-wdt: Broadcom BCM2835 watchdog timer
[    1.523359] bcm2835-power bcm2835-power: Broadcom BCM2835 power domains driver
[    1.524788] mmc-bcm2835 fe300000.mmcnr: mmc_debug:0 mmc_debug2:0
[    1.524823] mmc-bcm2835 fe300000.mmcnr: DMA channel allocated
[    1.554585] of_cfs_init
[    1.554753] of_cfs_init: OK
[    1.590702] mmc0: SDHCI controller on fe340000.mmc [fe340000.mmc] using ADMA
[    1.591054] Waiting for root device PARTUUID=1b7a0745-02...
[    1.637702] mmc1: new high speed SDIO card at address 0001
[    1.692683] mmc0: new ultra high speed DDR50 SDXC card at address aaaa
[    1.693684] mmcblk0: mmc0:aaaa SC128 119 GiB 
[    1.697881]  mmcblk0: p1 p2
[    1.698483] mmcblk0: mmc0:aaaa SC128 119 GiB (quirks 0x00004000)
[    1.721421] EXT4-fs (mmcblk0p2): mounted filesystem with ordered data mode. Quota mode: none.
[    1.721546] VFS: Mounted root (ext4 filesystem) readonly on device 179:2.
[    1.724650] usb 1-1: new high-speed USB device number 2 using xhci_hcd
[    1.731102] devtmpfs: mounted
[    1.739727] Freeing unused kernel memory: 4160K
[    1.739944] Run /sbin/init as init process
[    1.739965]   with arguments:
[    1.739975]     /sbin/init
[    1.739984]   with environment:
[    1.739993]     HOME=/
[    1.740002]     TERM=linux
[    1.875208] usb 1-1: New USB device found, idVendor=2109, idProduct=3431, bcdDevice= 4.21
[    1.875270] usb 1-1: New USB device strings: Mfr=0, Product=1, SerialNumber=0
[    1.875298] usb 1-1: Product: USB2.0 Hub
[    1.877102] hub 1-1:1.0: USB hub found
[    1.877516] hub 1-1:1.0: 4 ports detected
[    2.136567] systemd[1]: System time before build time, advancing clock.
[    2.329210] NET: Registered PF_INET6 protocol family
[    2.331092] Segment Routing with IPv6
[    2.331152] In-situ OAM (IOAM) with IPv6
[    2.398209] systemd[1]: systemd 247.3-7+deb11u4 running in system mode. (+PAM +AUDIT +SELINUX +IMA +APPARMOR +SMACK +SYSVINIT +UTMP +LIBCRYPTSETUP +GCRYPT +GNUTLS +ACL +XZ +LZ4 +ZSTD +SECCOMP +BLKID +ELFUTILS +KMOD +IDN2 -IDN +PCRE2 default-hierarchy=unified)
[    2.399272] systemd[1]: Detected architecture arm64.
[    2.412978] systemd[1]: Set hostname to <raspberrypi>.
[    3.155389] systemd[1]: Queued start job for default target Multi-User System.
[    3.223935] systemd[1]: Created slice system-getty.slice.
[    3.226578] systemd[1]: Created slice system-modprobe.slice.
[    3.228751] systemd[1]: Created slice system-systemd\x2dfsck.slice.
[    3.230680] systemd[1]: Created slice User and Session Slice.
[    3.231516] systemd[1]: Started Dispatch Password Requests to Console Directory Watch.
[    3.232309] systemd[1]: Started Forward Password Requests to Wall Directory Watch.
[    3.233744] systemd[1]: Set up automount Arbitrary Executable File Formats File System Automount Point.
[    3.234278] systemd[1]: Reached target Local Encrypted Volumes.
[    3.234793] systemd[1]: Reached target Paths.
[    3.235216] systemd[1]: Reached target Slices.
[    3.235597] systemd[1]: Reached target Swap.
[    3.236985] systemd[1]: Listening on Syslog Socket.
[    3.238058] systemd[1]: Listening on fsck to fsckd communication Socket.
[    3.238744] systemd[1]: Listening on initctl Compatibility Named Pipe.
[    3.240254] systemd[1]: Listening on Journal Audit Socket.
[    3.241370] systemd[1]: Listening on Journal Socket (/dev/log).
[    3.242631] systemd[1]: Listening on Journal Socket.
[    3.246746] systemd[1]: Listening on udev Control Socket.
[    3.247887] systemd[1]: Listening on udev Kernel Socket.
[    3.249174] systemd[1]: Condition check resulted in Huge Pages File System being skipped.
[    3.285026] systemd[1]: Mounting POSIX Message Queue File System...
[    3.291060] systemd[1]: Mounting RPC Pipe File System...
[    3.298012] systemd[1]: Mounting Kernel Debug File System...
[    3.304988] systemd[1]: Mounting Kernel Trace File System...
[    3.306034] systemd[1]: Condition check resulted in Kernel Module supporting RPCSEC_GSS being skipped.
[    3.313757] systemd[1]: Starting Restore / save the current clock...
[    3.325482] systemd[1]: Starting Set the console keyboard layout...
[    3.332373] systemd[1]: Starting Create list of static device nodes for the current kernel...
[    3.338748] systemd[1]: Starting Load Kernel Module configfs...
[    3.345018] systemd[1]: Starting Load Kernel Module drm...
[    3.352493] systemd[1]: Starting Load Kernel Module fuse...
[    3.358885] systemd[1]: Condition check resulted in Set Up Additional Binary Formats being skipped.
[    3.365115] systemd[1]: Starting File System Check on Root Device...
[    3.375504] systemd[1]: Starting Journal Service...
[    3.393529] systemd[1]: Starting Load Kernel Modules...
[    3.402275] systemd[1]: Starting Coldplug All udev Devices...
[    3.415151] systemd[1]: Mounted POSIX Message Queue File System.
[    3.416254] systemd[1]: Mounted RPC Pipe File System.
[    3.418807] systemd[1]: Mounted Kernel Debug File System.
[    3.424698] systemd[1]: Mounted Kernel Trace File System.
[    3.427769] systemd[1]: Finished Restore / save the current clock.
[    3.432405] systemd[1]: Finished Create list of static device nodes for the current kernel.
[    3.435132] systemd[1]: modprobe@configfs.service: Succeeded.
[    3.440021] fuse: init (API version 7.37)
[    3.440912] systemd[1]: Finished Load Kernel Module configfs.
[    3.444966] systemd[1]: modprobe@fuse.service: Succeeded.
[    3.446597] systemd[1]: Finished Load Kernel Module fuse.
[    3.486723] i2c_dev: i2c /dev entries driver
[    3.497705] systemd[1]: Mounting FUSE Control File System...
[    3.505121] systemd[1]: Mounting Kernel Configuration File System...
[    3.521020] systemd[1]: Started File System Check Daemon to report status.
[    3.534531] systemd[1]: Finished Load Kernel Modules.
[    3.535954] systemd[1]: Mounted FUSE Control File System.
[    3.537007] systemd[1]: Mounted Kernel Configuration File System.
[    3.545254] systemd[1]: Starting Apply Kernel Variables...
[    3.586083] systemd[1]: modprobe@drm.service: Succeeded.
[    3.587825] systemd[1]: Finished Load Kernel Module drm.
[    3.606195] systemd[1]: Finished Apply Kernel Variables.
[    3.741426] systemd[1]: Finished File System Check on Root Device.
[    3.747703] systemd[1]: Starting Remount Root and Kernel File Systems...
[    3.751798] systemd[1]: Started Journal Service.
[    4.039800] EXT4-fs (mmcblk0p2): re-mounted. Quota mode: none.
[    4.147063] systemd-journald[142]: Received client request to flush runtime journal.
[    5.772364] mc: Linux media interface: v0.10
[    5.979818] videodev: Linux video capture interface: v2.00
[    6.103393] vc_sm_cma: module is from the staging directory, the quality is unknown, you have been warned.
[    6.128158] bcm2835_vc_sm_cma_probe: Videocore shared memory driver
[    6.128200] [vc_sm_connected_init]: start
[    6.153713] [vc_sm_connected_init]: installed successfully
[    6.355580] snd_bcm2835: module is from the staging directory, the quality is unknown, you have been warned.
[    6.360085] bcm2835_mmal_vchiq: module is from the staging directory, the quality is unknown, you have been warned.
[    6.361863] bcm2835_mmal_vchiq: module is from the staging directory, the quality is unknown, you have been warned.
[    6.386039] bcm2835_mmal_vchiq: module is from the staging directory, the quality is unknown, you have been warned.
[    6.399336] bcm2835_audio bcm2835_audio: card created with 8 channels
[    6.512375] bcm2835_isp: module is from the staging directory, the quality is unknown, you have been warned.
[    6.543374] bcm2835-isp bcm2835-isp: Device node output[0] registered as /dev/video13
[    6.549496] bcm2835_v4l2: module is from the staging directory, the quality is unknown, you have been warned.
[    6.550509] bcm2835_codec: module is from the staging directory, the quality is unknown, you have been warned.
[    6.557362] bcm2835-isp bcm2835-isp: Device node capture[0] registered as /dev/video14
[    6.558894] bcm2835-isp bcm2835-isp: Device node capture[1] registered as /dev/video15
[    6.559309] bcm2835-isp bcm2835-isp: Device node stats[2] registered as /dev/video16
[    6.559349] bcm2835-isp bcm2835-isp: Register output node 0 with media controller
[    6.559371] bcm2835-isp bcm2835-isp: Register capture node 1 with media controller
[    6.559390] bcm2835-isp bcm2835-isp: Register capture node 2 with media controller
[    6.559407] bcm2835-isp bcm2835-isp: Register capture node 3 with media controller
[    6.566873] rpivid_hevc: module is from the staging directory, the quality is unknown, you have been warned.
[    6.575088] bcm2835-codec bcm2835-codec: Device registered as /dev/video10
[    6.575154] bcm2835-codec bcm2835-codec: Loaded V4L2 decode
[    6.589409] bcm2835-isp bcm2835-isp: Device node output[0] registered as /dev/video20
[    6.593004] bcm2835-isp bcm2835-isp: Device node capture[0] registered as /dev/video21
[    6.599497] bcm2835-isp bcm2835-isp: Device node capture[1] registered as /dev/video22
[    6.605860] bcm2835-codec bcm2835-codec: Device registered as /dev/video11
[    6.605925] bcm2835-codec bcm2835-codec: Loaded V4L2 encode
[    6.614943] bcm2835-codec bcm2835-codec: Device registered as /dev/video12
[    6.615004] bcm2835-codec bcm2835-codec: Loaded V4L2 isp
[    6.626708] bcm2835-codec bcm2835-codec: Device registered as /dev/video18
[    6.626771] bcm2835-codec bcm2835-codec: Loaded V4L2 image_fx
[    6.632835] bcm2835-isp bcm2835-isp: Device node stats[2] registered as /dev/video23
[    6.632883] bcm2835-isp bcm2835-isp: Register output node 0 with media controller
[    6.632964] bcm2835-isp bcm2835-isp: Register capture node 1 with media controller
[    6.632983] bcm2835-isp bcm2835-isp: Register capture node 2 with media controller
[    6.633003] bcm2835-isp bcm2835-isp: Register capture node 3 with media controller
[    6.646237] rpivid feb10000.codec: Device registered as /dev/video19
[    6.646315] bcm2835-codec bcm2835-codec: Device registered as /dev/video31
[    6.646352] bcm2835-codec bcm2835-codec: Loaded V4L2 encode_image
[    6.659984] bcm2835-isp bcm2835-isp: Loaded V4L2 bcm2835-isp
[    6.998080] cfg80211: Loading compiled-in X.509 certificates for regulatory database
[    7.028327] cfg80211: Loaded X.509 cert 'sforshee: 00b28ddf47aef9cea7'
[    7.047022] rpi-sense 1-0046: Raspberry Pi Sense HAT firmware version 0
[    7.077133] cfg80211: loaded regulatory.db is malformed or signature is missing/invalid
[    7.156858] brcmfmac: F1 signature read @0x18000000=0x15264345
[    7.166294] brcmfmac: brcmf_fw_alloc_request: using brcm/brcmfmac43455-sdio for chip BCM4345/6
[    7.171608] usbcore: registered new interface driver brcmfmac
[    7.235078] input: Raspberry Pi Sense HAT Joystick as /devices/virtual/input/input0
[    7.275648] Console: switching to colour frame buffer device 1x1
[    7.275740] fb0: RPi-Sense FB frame buffer device
[    7.342055] Console: switching to colour dummy device 80x25
[    7.496153] brcmfmac: brcmf_c_preinit_dcmds: Firmware: BCM4345/6 wl0: Nov  1 2021 00:37:25 version 7.45.241 (1a2f2fa CY) FWID 01-703fd60
[    8.371112] uart-pl011 fe201000.serial: no DMA platform data
[    8.529382] 8021q: 802.1Q VLAN Support v1.8
[    8.679884] Adding 102396k swap on /var/swap.  Priority:-2 extents:1 across:102396k SSFS
[    8.982381] brcmfmac: brcmf_cfg80211_set_power_mgmt: power save enabled
[    9.281136] bcmgenet fd580000.ethernet: configuring instance for external RGMII (RX delay)
[    9.282442] bcmgenet fd580000.ethernet eth0: Link is Down
[   14.447748] IPv6: ADDRCONF(NETDEV_CHANGE): wlan0: link becomes ready
[   15.671966] ICMPv6: process `dhcpcd' is using deprecated sysctl (syscall) net.ipv6.neigh.wlan0.retrans_time - use net.ipv6.neigh.wlan0.retrans_time_ms instead
[   17.101539] Bluetooth: Core ver 2.22
[   17.101664] NET: Registered PF_BLUETOOTH protocol family
[   17.101674] Bluetooth: HCI device and connection manager initialized
[   17.101698] Bluetooth: HCI socket layer initialized
[   17.101711] Bluetooth: L2CAP socket layer initialized
[   17.101733] Bluetooth: SCO socket layer initialized
[   17.119099] Bluetooth: HCI UART driver ver 2.3
[   17.119128] Bluetooth: HCI UART protocol H4 registered
[   17.119221] Bluetooth: HCI UART protocol Three-wire (H5) registered
[   17.119465] Bluetooth: HCI UART protocol Broadcom registered
[   17.501730] Bluetooth: BNEP (Ethernet Emulation) ver 1.3
[   17.501751] Bluetooth: BNEP filters: protocol multicast
[   17.501767] Bluetooth: BNEP socket layer initialized
[   17.506147] Bluetooth: MGMT ver 1.22
[   17.515424] NET: Registered PF_ALG protocol family
[   24.080811] bridge: filtering via arp/ip/ip6tables is no longer available by default. Update your scripts to load br_netfilter if you need this.
[   24.088655] Bridge firewalling registered
[   24.314418] Initializing XFRM netlink socket
[   24.942095] docker0: port 1(veth067f876) entered blocking state
[   24.942123] docker0: port 1(veth067f876) entered disabled state
[   24.942335] device veth067f876 entered promiscuous mode
[   24.942720] docker0: port 1(veth067f876) entered blocking state
[   24.942745] docker0: port 1(veth067f876) entered forwarding state
[   24.942987] docker0: port 1(veth067f876) entered disabled state
[   25.029198] IPv6: ADDRCONF(NETDEV_CHANGE): veth067f876: link becomes ready
[   25.029262] docker0: port 1(veth067f876) entered blocking state
[   25.029273] docker0: port 1(veth067f876) entered forwarding state
[   25.029356] IPv6: ADDRCONF(NETDEV_CHANGE): docker0: link becomes ready
[   26.093086] docker0: port 1(veth067f876) entered disabled state
[   26.094963] eth0: renamed from veth216c42a
[   26.121920] docker0: port 1(veth067f876) entered blocking state
[   26.121942] docker0: port 1(veth067f876) entered forwarding state
[  297.157476] docker0: port 1(veth067f876) entered disabled state
[  297.158350] veth216c42a: renamed from eth0
[  297.225425] docker0: port 1(veth067f876) entered disabled state
[  297.227169] device veth067f876 left promiscuous mode
[  297.227187] docker0: port 1(veth067f876) entered disabled state
[  299.752606] docker0: port 1(veth560dbc6) entered blocking state
[  299.752630] docker0: port 1(veth560dbc6) entered disabled state
[  299.753110] device veth560dbc6 entered promiscuous mode
[  299.873560] IPv6: ADDRCONF(NETDEV_CHANGE): veth1cccae5: link becomes ready
[  299.873678] IPv6: ADDRCONF(NETDEV_CHANGE): veth560dbc6: link becomes ready
[  299.873723] docker0: port 1(veth560dbc6) entered blocking state
[  299.873733] docker0: port 1(veth560dbc6) entered forwarding state
[  300.330320] docker0: port 1(veth560dbc6) entered disabled state
[  300.331023] eth0: renamed from veth1cccae5
[  300.350835] docker0: port 1(veth560dbc6) entered blocking state
[  300.350859] docker0: port 1(veth560dbc6) entered forwarding state

EEPROM
------

*** UPDATE AVAILABLE ***
BOOTLOADER: update available
   CURRENT: Tue 26 Apr 10:24:28 UTC 2022 (1650968668)
    LATEST: Wed 11 Jan 17:40:52 UTC 2023 (1673458852)
   RELEASE: default (/lib/firmware/raspberrypi/bootloader/default)
            Use raspi-config to change the release.

  VL805_FW: Dedicated VL805 EEPROM
     VL805: up to date
   CURRENT: 000138c0
    LATEST: 000138c0
